// Jest Snapshot v1, https://goo.gl/fbAQLP

exports[`<CurrentWeather /> renders ForeCastWeather unchanged 1`] = `
<div>
  <div>
    <h2>
      Pronóstico para hoy
    </h2>
    <h3
      class="title"
    >
      miércoles, 8 de junio
       en 
      Villa Krause
      , 
      Argentina
    </h3>
    <span>
      Hora local:
      <span
        class="weatherHour"
      >
         
        11:48
         hs
      </span>
    </span>
    <div
      class="container"
    >
      <div>
        <div
          class="description"
        >
          <div
            class="flex"
          >
            <span
              class="temperature"
            >
              15.06
              °
            </span>
            <span>
              15.06
              ° / 
              15.06
              °
               
            </span>
          </div>
          <div>
            <span
              style="box-sizing: border-box; display: inline-block; overflow: hidden; background: none; opacity: 1; border: 0px; margin: 0px; padding: 0px; position: relative; max-width: 100%;"
            >
              <span
                style="box-sizing: border-box; display: block; background: none; opacity: 1; border: 0px; margin: 0px; padding: 0px; max-width: 100%;"
              >
                <img
                  alt=""
                  aria-hidden="true"
                  src="data:image/svg+xml,%3csvg%20xmlns=%27http://www.w3.org/2000/svg%27%20version=%271.1%27%20width=%2780%27%20height=%2780%27/%3e"
                  style="display: block; max-width: 100%; background: none; opacity: 1; border: 0px; margin: 0px; padding: 0px;"
                />
              </span>
              <img
                alt="nubes dispersas"
                data-nimg="intrinsic"
                decoding="async"
                src="data:image/gif;base64,R0lGODlhAQABAIAAAAAAAP///yH5BAEAAAAALAAAAAABAAEAAAIBRAA7"
                style="position: absolute; top: 0px; left: 0px; bottom: 0px; right: 0px; box-sizing: border-box; padding: 0px; margin: auto; display: block; width: 0px; height: 0px; min-width: 100%; max-width: 100%; min-height: 100%; max-height: 100%;"
              />
              <noscript />
            </span>
          </div>
          <span
            class="weatherDescription"
          >
            nubes dispersas
          </span>
        </div>
      </div>
      <div
        class="forecast"
      >
        <span>
          Sensación termica: 
          13.59
          °
        </span>
        <span>
           
          Amanecer: 
          8:29
          hs
        </span>
        <span>
          Puesta de Sol: 
          18:37
          hs
        </span>
      </div>
    </div>
  </div>
</div>
`;
